// Jest Snapshot v1, https://goo.gl/fbAQLP

exports[`render Hello 1`] = `
<div>
  <h1>
    Hello 4!
  </h1>
</div>
`;

exports[`render Hello 2`] = `
<div>
  <h1>
    Hello 4!
  </h1>
</div>
`;
